// Jest Snapshot v1, https://goo.gl/fbAQLP

exports[`tests in  <Faves/> Must show correctly the component 1`] = `
<div
  className="results"
/>
`;
